2026-03-07T19:03:52.388Z - GET /auth/elections/active
2026-03-07T19:05:41.382Z - PUT /auth/update-profile/ADR23CS043
2026-03-07T19:06:12.344Z - OPTIONS /auth/update-profile/ADR23CS043
2026-03-07T19:07:30.739Z - GET /auth/find-user/ADR23CS043
2026-03-07T19:07:30.745Z - GET /auth/find-user/ADR23CS043
2026-03-07T19:07:38.721Z - GET /auth/elections/active
2026-03-07T19:07:38.728Z - GET /auth/find-user/ADR23CS043
2026-03-07T19:07:38.753Z - GET /auth/elections/active
2026-03-07T19:07:38.766Z - GET /auth/find-user/ADR23CS043
2026-03-07T19:07:41.699Z - GET /auth/find-user/ADR23CS043
2026-03-07T19:07:41.704Z - GET /auth/find-user/ADR23CS043
2026-03-07T19:07:50.781Z - OPTIONS /auth/update-profile/ADR23CS043?t=1772910470778
2026-03-07T19:07:50.785Z - PUT /auth/update-profile/ADR23CS043?t=1772910470778
2026-03-07T19:07:54.629Z - GET /auth/find-user/ADR23CS043
2026-03-07T19:07:54.632Z - GET /auth/elections/active
2026-03-07T19:07:54.639Z - GET /auth/find-user/ADR23CS043
2026-03-07T19:07:54.642Z - GET /auth/elections/active
2026-03-07T19:14:17.159Z - OPTIONS /auth/otpgeneration
2026-03-07T19:14:17.165Z - POST /auth/otpgeneration
2026-03-07T19:17:18.693Z - GET /auth/registered-students
2026-03-07T19:17:18.717Z - GET /auth/registered-students
2026-03-07T19:17:28.401Z - GET /auth/find-user/ADR23CS043?t=1772911048399
2026-03-07T19:17:28.404Z - GET /auth/find-user/ADR23CS043?t=1772911048400
2026-03-07T19:17:41.466Z - GET /auth/registered-students
2026-03-07T19:17:41.474Z - GET /auth/registered-students
2026-03-07T19:17:42.394Z - GET /auth/find-user/ADR23CS043?t=1772911062388
2026-03-07T19:17:42.401Z - GET /auth/find-user/ADR23CS043?t=1772911062388
2026-03-07T19:17:44.755Z - GET /auth/find-user/ADR23CS043?t=1772911064752
2026-03-07T19:17:44.767Z - GET /auth/find-user/ADR23CS043?t=1772911064755
2026-03-07T19:19:50.108Z - GET /auth/find-user/ADR23CS043?t=1772911190103
2026-03-07T19:20:51.611Z - GET /auth/find-user/ADR23CS043?t=1772911251610
2026-03-07T19:20:51.613Z - GET /auth/find-user/ADR23CS043?t=1772911251611
2026-03-07T19:20:58.257Z - OPTIONS /auth/otpgeneration
2026-03-07T19:20:58.262Z - POST /auth/otpgeneration
2026-03-07T19:21:51.150Z - OPTIONS /auth/otpverfy
2026-03-07T19:21:51.153Z - POST /auth/otpverfy
2026-03-07T19:21:52.680Z - GET /auth/find-user/KTU-F12345?t=1772911312676
2026-03-07T19:21:52.685Z - GET /auth/find-user/KTU-F12345?t=1772911312677
2026-03-07T19:22:00.633Z - GET /auth/find-user/KTU-F12345?t=1772911320632
2026-03-07T19:22:00.635Z - GET /auth/find-user/KTU-F12345?t=1772911320632
2026-03-07T19:22:14.138Z - GET /auth/find-user/KTU-F12345?t=1772911334136
2026-03-07T19:22:14.142Z - GET /auth/find-user/KTU-F12345?t=1772911334136
2026-03-07T19:22:51.859Z - GET /auth/registered-students
2026-03-07T19:22:51.866Z - GET /auth/registered-students
2026-03-07T19:24:54.432Z - GET /auth/find-user/KTU-F12345?t=1772911494431
2026-03-07T19:24:54.439Z - GET /auth/find-user/KTU-F12345?t=1772911494431
2026-03-07T19:25:57.965Z - GET /auth/find-user/KTU-F12345?t=1772911557963
2026-03-07T19:25:57.971Z - GET /auth/find-user/KTU-F12345?t=1772911557964
2026-03-07T19:25:59.735Z - GET /auth/registered-students
2026-03-07T19:25:59.744Z - GET /auth/registered-students
2026-03-07T19:26:04.919Z - GET /auth/find-user/KTU-F12345?t=1772911564917
2026-03-07T19:26:04.925Z - GET /auth/find-user/KTU-F12345?t=1772911564917
2026-03-07T19:37:53.110Z - GET /auth/find-user/KTU-F12345?t=1772912273107
2026-03-07T19:37:53.113Z - GET /auth/registered-students?t=1772912273107
2026-03-07T19:37:53.140Z - GET /auth/elections/active?t=1772912273138
2026-03-07T19:38:13.810Z - GET /auth/registered-students?t=1772912293808
2026-03-07T19:38:13.813Z - GET /auth/registered-students?t=1772912293810
2026-03-07T19:38:13.820Z - GET /auth/elections/active?t=1772912293818
2026-03-07T19:38:13.830Z - GET /auth/elections/active?t=1772912293828
2026-03-07T19:38:27.778Z - GET /auth/registered-students?t=1772912307774
2026-03-07T19:38:27.780Z - GET /auth/registered-students?t=1772912307776
2026-03-07T19:38:27.787Z - GET /auth/elections/active?t=1772912307786
2026-03-07T19:38:27.799Z - GET /auth/elections/active?t=1772912307797
2026-03-07T19:40:11.905Z - GET /auth/find-user/ADR23CS043
2026-03-07T19:41:24.462Z - GET /auth/registered-students?t=1772912484461
2026-03-07T19:41:24.465Z - GET /auth/registered-students?t=1772912484462
2026-03-07T19:41:24.472Z - GET /auth/elections/active?t=1772912484471
2026-03-07T19:41:24.481Z - GET /auth/elections/active?t=1772912484480
2026-03-07T19:43:00.051Z - GET /auth/find-user/ADR23CS043
2026-03-07T19:43:12.709Z - GET /auth/find-user/ADR23CS043
2026-03-07T19:44:08.335Z - GET /auth/registered-students?t=1772912648333
2026-03-07T19:44:08.337Z - GET /auth/registered-students?t=1772912648334
2026-03-07T19:44:08.343Z - GET /auth/elections/active?t=1772912648341
2026-03-07T19:44:08.352Z - GET /auth/elections/active?t=1772912648350
2026-03-07T19:46:02.114Z - GET /auth/find-user/KTU-F12345?t=1772912762110
2026-03-07T19:46:02.116Z - GET /auth/registered-students?t=1772912762110
2026-03-07T19:46:02.120Z - GET /auth/find-user/KTU-F12345?t=1772912762111
2026-03-07T19:46:02.124Z - GET /auth/registered-students?t=1772912762111
2026-03-07T19:46:02.133Z - GET /auth/elections/active?t=1772912762132
2026-03-07T19:46:02.137Z - GET /auth/elections/active?t=1772912762132
2026-03-07T19:46:33.668Z - GET /auth/find-user/ADR23CS043
2026-03-07T19:46:50.211Z - GET /auth/find-user/ADR23CS043
2026-03-07T19:46:58.471Z - GET /auth/registered-students
2026-03-07T19:46:58.480Z - GET /auth/registered-students
2026-03-07T19:47:01.300Z - GET /auth/find-user/KTU-F12345?t=1772912821298
2026-03-07T19:47:01.303Z - GET /auth/registered-students?t=1772912821298
2026-03-07T19:47:01.305Z - GET /auth/find-user/KTU-F12345?t=1772912821299
2026-03-07T19:47:01.308Z - GET /auth/registered-students?t=1772912821299
2026-03-07T19:47:01.330Z - GET /auth/elections/active?t=1772912821327
2026-03-07T19:47:01.336Z - GET /auth/elections/active?t=1772912821335
2026-03-07T19:47:17.113Z - GET /auth/find-user/ADR23CS043
2026-03-07T19:47:30.769Z - GET /auth/find-user/ADR23CS040
2026-03-07T19:47:53.775Z - GET /auth/find-user/KTU-F12345?t=1772912873774
2026-03-07T19:47:53.780Z - GET /auth/registered-students?t=1772912873774
2026-03-07T19:47:53.784Z - GET /auth/find-user/KTU-F12345?t=1772912873774
2026-03-07T19:47:53.786Z - GET /auth/registered-students?t=1772912873774
2026-03-07T19:47:53.793Z - GET /auth/elections/active?t=1772912873790
2026-03-07T19:47:53.803Z - GET /auth/elections/active?t=1772912873802
2026-03-07T19:51:20.094Z - GET /auth/find-user/KTU-F12345?t=1772913080090
2026-03-07T19:51:20.099Z - GET /auth/registered-students?t=1772913080091
2026-03-07T19:51:20.122Z - GET /auth/elections/active?t=1772913080122
2026-03-07T19:52:22.772Z - GET /auth/find-user/ADR23CS043
2026-03-07T19:52:33.922Z - GET /auth/find-user/ADR23CS040
2026-03-07T19:52:36.601Z - OPTIONS /auth/elections
2026-03-07T19:52:36.604Z - POST /auth/elections
2026-03-07T19:52:38.756Z - GET /auth/find-user/KTU-F12345?t=1772913158753
2026-03-07T19:52:38.760Z - GET /auth/registered-students?t=1772913158753
2026-03-07T19:52:38.767Z - GET /auth/find-user/KTU-F12345?t=1772913158754
2026-03-07T19:52:38.781Z - GET /auth/registered-students?t=1772913158754
2026-03-07T19:52:38.795Z - GET /auth/elections/active?t=1772913158795
2026-03-07T19:52:38.804Z - GET /auth/elections/active?t=1772913158801
2026-03-07T19:56:08.323Z - GET /auth/registered-students?t=1772913368318
2026-03-07T19:56:08.328Z - GET /auth/registered-students?t=1772913368321
2026-03-07T19:56:08.330Z - GET /auth/elections/active?t=1772913368329
2026-03-07T19:56:08.340Z - GET /auth/elections/active?t=1772913368338
2026-03-07T19:57:19.655Z - GET /auth/registered-students?t=1772913439652
2026-03-07T19:57:19.657Z - GET /auth/registered-students?t=1772913439654
2026-03-07T19:57:19.670Z - GET /auth/elections/active?t=1772913439668
2026-03-07T19:57:19.672Z - GET /auth/elections/active?t=1772913439669
2026-03-07T19:58:19.476Z - GET /auth/registered-students
2026-03-07T19:58:19.481Z - GET /auth/registered-students
2026-03-07T20:01:45.745Z - OPTIONS /auth/elections/end
2026-03-07T20:01:45.751Z - POST /auth/elections/end
2026-03-08T19:07:30.084Z - OPTIONS /auth/register
2026-03-08T19:07:30.096Z - POST /auth/register
2026-03-08T19:08:13.407Z - OPTIONS /auth/register
2026-03-08T19:08:13.410Z - POST /auth/register
2026-03-08T19:08:32.448Z - OPTIONS /auth/otpgeneration
2026-03-08T19:08:32.452Z - POST /auth/otpgeneration
2026-03-08T19:09:45.883Z - OPTIONS /auth/otpgeneration
2026-03-08T19:09:45.887Z - POST /auth/otpgeneration
2026-03-08T19:09:58.914Z - OPTIONS /auth/otpverfy
2026-03-08T19:09:58.917Z - POST /auth/otpverfy
2026-03-08T19:10:15.433Z - OPTIONS /auth/otpverfy
2026-03-08T19:10:15.437Z - POST /auth/otpverfy
2026-03-08T19:10:29.842Z - OPTIONS /auth/otpverfy
2026-03-08T19:10:29.847Z - POST /auth/otpverfy
2026-03-08T19:11:39.780Z - OPTIONS /auth/otpgeneration
2026-03-08T19:11:39.785Z - POST /auth/otpgeneration
2026-03-08T19:12:21.769Z - OPTIONS /auth/otpverfy
2026-03-08T19:12:21.772Z - POST /auth/otpverfy
2026-03-08T19:12:39.548Z - OPTIONS /auth/otpgeneration
2026-03-08T19:12:39.550Z - POST /auth/otpgeneration
2026-03-08T19:17:39.169Z - OPTIONS /auth/otpgeneration
2026-03-08T19:17:39.171Z - POST /auth/otpgeneration
2026-03-08T19:17:55.142Z - OPTIONS /auth/otpverfy
2026-03-08T19:17:55.145Z - POST /auth/otpverfy
2026-03-08T19:18:05.287Z - OPTIONS /auth/otpverfy
2026-03-08T19:18:05.289Z - POST /auth/otpverfy
2026-03-08T19:18:35.141Z - OPTIONS /auth/otpverfy
2026-03-08T19:18:35.144Z - POST /auth/otpverfy
2026-03-08T19:19:45.761Z - OPTIONS /auth/otpverfy
2026-03-08T19:19:45.763Z - POST /auth/otpverfy
2026-03-08T19:19:56.062Z - OPTIONS /auth/otpverfy
2026-03-08T19:19:56.064Z - POST /auth/otpverfy
2026-03-08T19:20:22.506Z - OPTIONS /auth/otpverfy
2026-03-08T19:20:22.509Z - POST /auth/otpverfy
2026-03-08T19:20:24.092Z - GET /auth/find-user/KTU2024ADMIN?t=1772997624086
2026-03-08T19:20:24.095Z - GET /auth/registered-students?t=1772997624089
2026-03-08T19:20:24.100Z - GET /auth/find-user/KTU2024ADMIN?t=1772997624092
2026-03-08T19:20:24.104Z - GET /auth/registered-students?t=1772997624093
2026-03-08T19:20:24.132Z - GET /auth/elections/active?t=1772997624130
2026-03-08T19:20:24.135Z - GET /auth/elections/active?t=1772997624131
2026-03-08T19:21:13.062Z - GET /auth/find-user/ADR2024VOTER
2026-03-08T19:21:52.218Z - GET /auth/find-user/ADR20CS002
2026-03-08T19:25:13.623Z - GET /auth/find-user/KTU2024ADMIN?t=1772997913622
2026-03-08T19:25:13.626Z - GET /auth/registered-students?t=1772997913622
2026-03-08T19:25:13.630Z - GET /auth/find-user/KTU2024ADMIN?t=1772997913623
2026-03-08T19:25:13.632Z - GET /auth/registered-students?t=1772997913624
2026-03-08T19:25:13.644Z - GET /auth/elections/active?t=1772997913642
2026-03-08T19:25:13.650Z - GET /auth/elections/active?t=1772997913642
2026-03-08T19:25:56.919Z - GET /auth/find-user/ADR2024VOTER
2026-03-08T19:26:07.611Z - GET /auth/find-user/ADR20CS002
2026-03-08T19:27:09.681Z - GET /auth/find-user/KTU2024ADMIN?t=1772998029679
2026-03-08T19:27:09.686Z - GET /auth/registered-students?t=1772998029680
2026-03-08T19:27:09.688Z - GET /auth/find-user/KTU2024ADMIN?t=1772998029681
2026-03-08T19:27:09.690Z - GET /auth/registered-students?t=1772998029681
2026-03-08T19:27:09.702Z - GET /auth/elections/active?t=1772998029701
2026-03-08T19:27:09.709Z - GET /auth/elections/active?t=1772998029708
2026-03-08T19:27:46.098Z - GET /auth/find-user/ADR2024VOTER
2026-03-08T19:28:03.101Z - GET /auth/find-user/ADR20CS002
2026-03-08T19:29:57.409Z - GET /auth/find-user/KTU2024ADMIN?t=1772998197406
2026-03-08T19:29:57.411Z - GET /auth/registered-students?t=1772998197407
2026-03-08T19:29:57.415Z - GET /auth/registered-students?t=1772998197409
2026-03-08T19:29:57.420Z - GET /auth/find-user/KTU2024ADMIN?t=1772998197409
2026-03-08T19:29:57.432Z - GET /auth/elections/active?t=1772998197430
2026-03-08T19:29:57.434Z - GET /auth/elections/active?t=1772998197431
2026-03-08T19:30:33.106Z - GET /auth/find-user/ADR2024VOTER
2026-03-08T19:30:52.804Z - GET /auth/find-user/ADR20CS002
2026-03-08T19:32:22.362Z - GET /auth/find-user/KTU2024ADMIN?t=1772998342359
2026-03-08T19:32:22.364Z - GET /auth/registered-students?t=1772998342359
2026-03-08T19:32:22.371Z - GET /auth/find-user/KTU2024ADMIN?t=1772998342360
2026-03-08T19:32:22.373Z - GET /auth/registered-students?t=1772998342361
2026-03-08T19:32:22.383Z - GET /auth/elections/active?t=1772998342381
2026-03-08T19:32:22.388Z - GET /auth/elections/active?t=1772998342387
2026-03-08T19:33:02.683Z - OPTIONS /auth/otpgeneration
2026-03-08T19:33:02.688Z - POST /auth/otpgeneration
2026-03-08T19:35:09.103Z - OPTIONS /auth/otpgeneration
2026-03-08T19:35:09.105Z - POST /auth/otpgeneration
2026-03-08T19:35:25.781Z - OPTIONS /auth/otpverfy
2026-03-08T19:35:25.784Z - POST /auth/otpverfy
2026-03-08T19:35:36.017Z - OPTIONS /auth/otpverfy
2026-03-08T19:35:36.020Z - POST /auth/otpverfy
2026-03-08T19:35:54.373Z - OPTIONS /auth/otpgeneration
2026-03-08T19:35:54.376Z - POST /auth/otpgeneration
2026-03-08T19:36:44.909Z - OPTIONS /auth/otpgeneration
2026-03-08T19:36:44.911Z - POST /auth/otpgeneration
2026-03-08T19:37:01.822Z - OPTIONS /auth/otpverfy
2026-03-08T19:37:01.825Z - POST /auth/otpverfy
2026-03-08T19:37:40.384Z - OPTIONS /auth/otpgeneration
2026-03-08T19:37:40.386Z - POST /auth/otpgeneration
2026-03-08T19:40:18.875Z - OPTIONS /auth/otpgeneration
2026-03-08T19:40:18.880Z - POST /auth/otpgeneration
2026-03-08T19:41:18.796Z - GET /auth/find-user/KTU2024ADMIN
2026-03-08T19:41:18.799Z - GET /auth/elections/active
2026-03-08T19:41:18.803Z - GET /auth/find-user/KTU2024ADMIN
2026-03-08T19:41:18.806Z - GET /auth/elections/active
2026-03-08T19:41:48.902Z - OPTIONS /auth/otpgeneration
2026-03-08T19:41:48.904Z - POST /auth/otpgeneration
2026-03-08T19:42:15.000Z - GET /auth/elections/active
2026-03-08T19:42:15.002Z - GET /auth/find-user/KTU2024ADMIN
2026-03-08T19:42:15.006Z - GET /auth/elections/active
2026-03-08T19:42:15.010Z - GET /auth/find-user/KTU2024ADMIN
2026-03-08T19:42:22.467Z - GET /auth/elections/active
2026-03-08T19:42:22.471Z - GET /auth/elections/active
2026-03-08T19:42:27.897Z - GET /auth/elections/active
2026-03-08T19:42:27.900Z - GET /auth/find-user/KTU2024ADMIN
2026-03-08T19:42:27.907Z - GET /auth/elections/active
2026-03-08T19:42:27.911Z - GET /auth/find-user/KTU2024ADMIN
2026-03-08T19:42:34.355Z - GET /auth/elections/active
2026-03-08T19:42:34.368Z - GET /auth/elections/active
2026-03-08T19:42:38.951Z - GET /auth/find-user/KTU2024ADMIN?t=1772998958949
2026-03-08T19:42:38.954Z - GET /auth/registered-students?t=1772998958951
2026-03-08T19:42:38.958Z - GET /auth/find-user/KTU2024ADMIN?t=1772998958952
2026-03-08T19:42:38.961Z - GET /auth/registered-students?t=1772998958952
2026-03-08T19:42:38.973Z - GET /auth/elections/active?t=1772998958971
2026-03-08T19:42:38.983Z - GET /auth/elections/active?t=1772998958982
2026-03-08T19:45:06.656Z - POST /auth/otpgeneration
2026-03-08T19:46:34.535Z - OPTIONS /auth/otpgeneration
2026-03-08T19:46:34.538Z - POST /auth/otpgeneration
2026-03-08T19:46:48.736Z - OPTIONS /auth/otpverfy
2026-03-08T19:46:48.738Z - POST /auth/otpverfy
2026-03-08T19:47:01.913Z - OPTIONS /auth/otpverfy
2026-03-08T19:47:01.914Z - POST /auth/otpverfy
2026-03-08T19:47:32.083Z - OPTIONS /auth/otpgeneration
2026-03-08T19:47:32.085Z - POST /auth/otpgeneration
2026-03-08T19:47:56.495Z - OPTIONS /auth/otpverfy
2026-03-08T19:47:56.498Z - POST /auth/otpverfy
2026-03-08T19:48:03.469Z - GET /auth/elections/active
2026-03-08T19:48:03.473Z - GET /auth/find-user/KTU2024ADMIN
2026-03-08T19:48:03.477Z - GET /auth/elections/active
2026-03-08T19:48:03.480Z - GET /auth/find-user/KTU2024ADMIN
2026-03-08T19:48:24.528Z - OPTIONS /auth/otpgeneration
2026-03-08T19:48:24.530Z - POST /auth/otpgeneration
2026-03-08T19:48:48.662Z - OPTIONS /auth/otpverfy
2026-03-08T19:48:48.664Z - POST /auth/otpverfy
2026-03-08T19:48:58.004Z - OPTIONS /auth/otpverfy
2026-03-08T19:48:58.008Z - POST /auth/otpverfy
2026-03-08T19:49:10.846Z - OPTIONS /auth/otpverfy
2026-03-08T19:49:10.850Z - POST /auth/otpverfy
2026-03-08T19:49:17.216Z - GET /auth/elections/active
2026-03-08T19:49:17.218Z - GET /auth/find-user/KTU2024ADMIN
2026-03-08T19:49:17.223Z - GET /auth/elections/active
2026-03-08T19:49:17.225Z - GET /auth/find-user/KTU2024ADMIN
2026-03-08T19:49:39.167Z - OPTIONS /auth/otpgeneration
2026-03-08T19:49:39.169Z - POST /auth/otpgeneration
2026-03-08T19:49:57.982Z - OPTIONS /auth/otpverfy
2026-03-08T19:49:57.985Z - POST /auth/otpverfy
2026-03-08T19:50:33.991Z - OPTIONS /auth/otpgeneration
2026-03-08T19:50:33.994Z - POST /auth/otpgeneration
2026-03-08T19:50:58.675Z - OPTIONS /auth/otpverfy
2026-03-08T19:50:58.677Z - POST /auth/otpverfy
2026-03-08T19:51:45.232Z - OPTIONS /auth/otpgeneration
2026-03-08T19:51:45.234Z - POST /auth/otpgeneration
2026-03-08T19:52:03.835Z - OPTIONS /auth/otpverfy
2026-03-08T19:52:03.838Z - POST /auth/otpverfy
2026-03-08T19:52:11.247Z - GET /auth/find-user/KTU2024ADMIN?t=1772999531245
2026-03-08T19:52:11.249Z - GET /auth/registered-students?t=1772999531246
2026-03-08T19:52:11.253Z - GET /auth/find-user/KTU2024ADMIN?t=1772999531247
2026-03-08T19:52:11.256Z - GET /auth/registered-students?t=1772999531248
2026-03-08T19:52:11.266Z - GET /auth/elections/active?t=1772999531264
2026-03-08T19:52:11.277Z - GET /auth/elections/active?t=1772999531276
2026-03-08T19:52:46.783Z - OPTIONS /auth/otpgeneration
2026-03-08T19:52:46.785Z - POST /auth/otpgeneration
2026-03-08T19:53:06.439Z - OPTIONS /auth/otpverfy
2026-03-08T19:53:06.442Z - POST /auth/otpverfy
2026-03-08T19:53:36.072Z - OPTIONS /auth/otpverfy
2026-03-08T19:53:36.074Z - POST /auth/otpverfy
2026-03-08T19:56:56.144Z - OPTIONS /auth/otpgeneration
2026-03-08T19:56:56.148Z - POST /auth/otpgeneration
2026-03-08T19:58:15.725Z - OPTIONS /auth/otpverfy
2026-03-08T19:58:15.727Z - POST /auth/otpverfy
2026-03-08T19:58:17.385Z - GET /auth/find-user/KTU-F12345?t=1772999897382
2026-03-08T19:58:17.387Z - GET /auth/find-user/KTU-F12345?t=1772999897384
2026-03-08T19:58:17.389Z - GET /auth/registered-students?t=1772999897383
2026-03-08T19:58:17.394Z - GET /auth/registered-students?t=1772999897384
2026-03-08T19:58:17.403Z - GET /auth/elections/active?t=1772999897402
2026-03-08T19:58:17.408Z - GET /auth/elections/active?t=1772999897402
2026-03-08T19:58:39.883Z - OPTIONS /auth/elections/end
2026-03-08T19:58:39.886Z - POST /auth/elections/end
2026-03-08T19:58:49.325Z - GET /auth/registered-students
2026-03-08T19:58:49.361Z - GET /auth/registered-students
2026-03-08T19:58:54.203Z - GET /auth/find-user/KTU-F12345?t=1772999934201
2026-03-08T19:58:54.206Z - GET /auth/registered-students?t=1772999934201
2026-03-08T19:58:54.210Z - GET /auth/find-user/KTU-F12345?t=1772999934202
2026-03-08T19:58:54.212Z - GET /auth/registered-students?t=1772999934202
2026-03-08T19:58:54.259Z - GET /auth/elections/active?t=1772999934254
2026-03-08T19:58:54.280Z - GET /auth/elections/active?t=1772999934278
2026-03-08T19:59:44.606Z - GET /auth/find-user/ADR23CS043
2026-03-08T19:59:59.783Z - GET /auth/find-user/ADR23CS040
2026-03-08T20:00:17.954Z - GET /auth/find-user/ADR23CS040
2026-03-08T20:00:27.538Z - GET /auth/find-user/ADR23CS043
2026-03-08T20:00:43.959Z - GET /auth/find-user/ADR23CS040
2026-03-08T20:00:47.787Z - OPTIONS /auth/elections
2026-03-08T20:00:47.790Z - POST /auth/elections
2026-03-08T20:00:50.006Z - GET /auth/find-user/KTU-F12345?t=1773000050003
2026-03-08T20:00:50.009Z - GET /auth/registered-students?t=1773000050003
2026-03-08T20:00:50.011Z - GET /auth/find-user/KTU-F12345?t=1773000050004
2026-03-08T20:00:50.013Z - GET /auth/registered-students?t=1773000050004
2026-03-08T20:00:50.026Z - GET /auth/elections/active?t=1773000050024
2026-03-08T20:00:50.031Z - GET /auth/elections/active?t=1773000050024
2026-03-08T20:01:11.137Z - OPTIONS /auth/otpgeneration
2026-03-08T20:01:11.140Z - POST /auth/otpgeneration
2026-03-08T20:01:41.160Z - OPTIONS /auth/otpverfy
2026-03-08T20:01:41.163Z - POST /auth/otpverfy
2026-03-08T20:01:42.754Z - GET /auth/elections/active
2026-03-08T20:01:42.756Z - GET /auth/find-user/ADR23CS043
2026-03-08T20:01:42.763Z - GET /auth/find-user/ADR23CS043
2026-03-08T20:01:42.766Z - GET /auth/elections/active
2026-03-08T20:01:50.730Z - GET /auth/elections/active
2026-03-08T20:01:50.735Z - GET /auth/elections/active
2026-03-08T20:01:57.507Z - OPTIONS /auth/vote/69add56f7759dcd8fef3fa7a
2026-03-08T20:01:57.510Z - POST /auth/vote/69add56f7759dcd8fef3fa7a
2026-03-08T20:01:59.498Z - GET /auth/elections/active
2026-03-08T20:01:59.500Z - GET /auth/find-user/ADR23CS043
2026-03-08T20:01:59.504Z - GET /auth/elections/active
2026-03-08T20:01:59.506Z - GET /auth/find-user/ADR23CS043
2026-03-08T20:02:31.123Z - GET /auth/elections/active
2026-03-08T20:02:31.127Z - GET /auth/elections/active
2026-03-08T20:12:29.122Z - GET /auth/elections/active?t=1773000749119
2026-03-08T20:12:29.124Z - GET /auth/find-user/ADR23CS043
2026-03-08T20:12:40.079Z - GET /auth/elections/active?t=1773000760045
2026-03-08T20:12:50.056Z - GET /auth/elections/active?t=1773000770048
2026-03-08T20:13:00.046Z - GET /auth/elections/active?t=1773000780039
2026-03-08T20:13:10.042Z - GET /auth/elections/active?t=1773000790038
2026-03-08T20:13:18.229Z - OPTIONS /auth/otpgeneration
2026-03-08T20:13:18.231Z - POST /auth/otpgeneration
2026-03-08T20:13:20.080Z - GET /auth/elections/active?t=1773000800044
2026-03-08T20:13:37.055Z - GET /auth/elections/active?t=1773000817048
2026-03-08T20:13:39.903Z - OPTIONS /auth/otpverfy
2026-03-08T20:13:39.906Z - POST /auth/otpverfy
2026-03-08T20:13:44.044Z - GET /auth/elections/active?t=1773000824036
2026-03-08T20:13:57.651Z - OPTIONS /auth/otpgeneration
2026-03-08T20:13:57.657Z - POST /auth/otpgeneration
2026-03-08T20:14:44.058Z - GET /auth/elections/active?t=1773000884051
2026-03-08T20:15:35.125Z - OPTIONS /auth/otpverfy
2026-03-08T20:15:35.131Z - POST /auth/otpverfy
2026-03-08T20:15:44.050Z - GET /auth/elections/active?t=1773000944047
2026-03-08T20:16:17.155Z - OPTIONS /auth/otpverfy
2026-03-08T20:16:17.158Z - POST /auth/otpverfy
2026-03-08T20:16:44.041Z - GET /auth/elections/active?t=1773001004037
2026-03-08T20:16:55.834Z - OPTIONS /auth/otpverfy
2026-03-08T20:16:55.837Z - POST /auth/otpverfy
2026-03-08T20:16:57.388Z - GET /auth/elections/active?t=1773001017366
2026-03-08T20:16:57.390Z - GET /auth/find-user/ADR2024VOTER
2026-03-08T20:16:57.394Z - GET /auth/elections/active?t=1773001017388
2026-03-08T20:16:57.399Z - GET /auth/find-user/ADR2024VOTER
2026-03-08T20:17:07.392Z - GET /auth/elections/active?t=1773001027390
2026-03-08T20:17:17.397Z - GET /auth/elections/active?t=1773001037394
2026-03-08T20:17:27.404Z - GET /auth/elections/active?t=1773001047400
2026-03-08T20:17:37.429Z - GET /auth/elections/active?t=1773001057397
2026-03-08T20:17:44.054Z - GET /auth/elections/active?t=1773001064047
2026-03-08T20:17:47.403Z - GET /auth/elections/active?t=1773001067401
2026-03-08T20:17:48.009Z - GET /auth/elections/active?t=1773001068007
2026-03-08T20:17:48.012Z - GET /auth/find-user/ADR2024VOTER
2026-03-08T20:17:48.016Z - GET /auth/elections/active?t=1773001068009
2026-03-08T20:17:48.020Z - GET /auth/find-user/ADR2024VOTER
2026-03-08T20:17:53.533Z - GET /auth/elections/active
2026-03-08T20:17:53.538Z - GET /auth/elections/active
2026-03-08T20:18:38.763Z - OPTIONS /auth/otpgeneration
2026-03-08T20:18:38.765Z - POST /auth/otpgeneration
2026-03-08T20:18:44.052Z - GET /auth/elections/active?t=1773001124046
2026-03-08T20:19:12.813Z - OPTIONS /auth/otpverfy
2026-03-08T20:19:12.816Z - POST /auth/otpverfy
2026-03-08T20:19:44.054Z - GET /auth/elections/active?t=1773001184050
2026-03-08T20:20:31.626Z - OPTIONS /auth/otpverfy
2026-03-08T20:20:31.637Z - POST /auth/otpverfy
2026-03-08T20:20:44.052Z - GET /auth/elections/active?t=1773001244048
2026-03-08T20:21:44.044Z - GET /auth/elections/active?t=1773001304038
2026-03-08T20:22:02.879Z - OPTIONS /auth/otpgeneration
2026-03-08T20:22:02.881Z - POST /auth/otpgeneration
2026-03-08T20:22:20.615Z - OPTIONS /auth/otpverfy
2026-03-08T20:22:20.617Z - POST /auth/otpverfy
2026-03-08T20:22:44.050Z - GET /auth/elections/active?t=1773001364045
2026-03-08T20:22:50.222Z - OPTIONS /auth/otpverfy
2026-03-08T20:22:50.224Z - POST /auth/otpverfy
2026-03-08T20:23:41.056Z - OPTIONS /auth/otpverfy
2026-03-08T20:23:41.059Z - POST /auth/otpverfy
2026-03-08T20:23:44.052Z - GET /auth/elections/active?t=1773001424046
2026-03-08T20:24:01.223Z - OPTIONS /auth/otpgeneration
2026-03-08T20:24:01.226Z - POST /auth/otpgeneration
2026-03-08T20:24:23.085Z - OPTIONS /auth/otpverfy
2026-03-08T20:24:23.087Z - POST /auth/otpverfy
2026-03-08T20:24:38.978Z - OPTIONS /auth/otpverfy
2026-03-08T20:24:38.980Z - POST /auth/otpverfy
2026-03-08T20:24:44.053Z - GET /auth/elections/active?t=1773001484045
2026-03-08T20:25:11.341Z - OPTIONS /auth/otpverfy
2026-03-08T20:25:11.343Z - POST /auth/otpverfy
2026-03-08T20:25:37.153Z - OPTIONS /auth/otpverfy
2026-03-08T20:25:37.156Z - POST /auth/otpverfy
2026-03-08T20:25:44.041Z - GET /auth/elections/active?t=1773001544036
2026-03-08T20:25:51.955Z - OPTIONS /auth/otpgeneration
2026-03-08T20:25:51.958Z - POST /auth/otpgeneration
2026-03-08T20:26:16.155Z - OPTIONS /auth/otpverfy
2026-03-08T20:26:16.158Z - POST /auth/otpverfy
2026-03-08T20:26:28.822Z - OPTIONS /auth/otpgeneration
2026-03-08T20:26:28.824Z - POST /auth/otpgeneration
2026-03-08T20:26:44.056Z - GET /auth/elections/active?t=1773001604051
2026-03-08T20:27:13.182Z - OPTIONS /auth/otpverfy
2026-03-08T20:27:13.184Z - POST /auth/otpverfy
2026-03-08T20:27:40.557Z - OPTIONS /auth/otpverfy
2026-03-08T20:27:40.559Z - POST /auth/otpverfy
2026-03-08T20:27:44.058Z - GET /auth/elections/active?t=1773001664051
2026-03-08T20:28:44.050Z - GET /auth/elections/active?t=1773001724047
2026-03-08T20:29:43.386Z - OPTIONS /auth/otpgeneration
2026-03-08T20:29:43.388Z - POST /auth/otpgeneration
2026-03-08T20:29:44.044Z - GET /auth/elections/active?t=1773001784041
2026-03-08T20:30:02.165Z - OPTIONS /auth/otpverfy
2026-03-08T20:30:02.167Z - POST /auth/otpverfy
2026-03-08T20:30:18.510Z - OPTIONS /auth/otpverfy
2026-03-08T20:30:18.512Z - POST /auth/otpverfy
2026-03-08T20:30:44.041Z - GET /auth/elections/active?t=1773001844038
2026-03-08T20:31:07.813Z - OPTIONS /auth/otpgeneration
2026-03-08T20:31:07.815Z - POST /auth/otpgeneration
2026-03-08T20:31:44.050Z - GET /auth/elections/active?t=1773001904046
2026-03-08T20:31:44.178Z - OPTIONS /auth/otpverfy
2026-03-08T20:31:44.180Z - POST /auth/otpverfy
2026-03-08T20:32:15.293Z - OPTIONS /auth/otpverfy
2026-03-08T20:32:15.295Z - POST /auth/otpverfy
2026-03-08T20:32:44.044Z - GET /auth/elections/active?t=1773001964038
2026-03-08T20:32:58.706Z - OPTIONS /auth/otpgeneration
2026-03-08T20:32:58.708Z - POST /auth/otpgeneration
2026-03-08T20:33:40.388Z - OPTIONS /auth/otpverfy
2026-03-08T20:33:40.390Z - POST /auth/otpverfy
2026-03-08T20:33:44.048Z - GET /auth/elections/active?t=1773002024044
2026-03-08T20:34:06.359Z - OPTIONS /auth/otpverfy
2026-03-08T20:34:06.362Z - POST /auth/otpverfy
2026-03-08T20:34:44.050Z - GET /auth/elections/active?t=1773002084046
2026-03-08T20:35:07.948Z - OPTIONS /auth/otpverfy
2026-03-08T20:35:07.951Z - POST /auth/otpverfy
2026-03-08T20:35:35.331Z - OPTIONS /auth/otpverfy
2026-03-08T20:35:35.333Z - POST /auth/otpverfy
2026-03-08T20:35:44.048Z - GET /auth/elections/active?t=1773002144043
2026-03-08T20:36:09.865Z - OPTIONS /auth/otpgeneration
2026-03-08T20:36:09.867Z - POST /auth/otpgeneration
2026-03-08T20:36:23.382Z - OPTIONS /auth/otpverfy
2026-03-08T20:36:23.385Z - POST /auth/otpverfy
2026-03-08T20:36:34.978Z - OPTIONS /auth/otpverfy
2026-03-08T20:36:34.981Z - POST /auth/otpverfy
2026-03-08T20:36:44.054Z - GET /auth/elections/active?t=1773002204050
2026-03-08T20:36:55.090Z - OPTIONS /auth/otpverfy
2026-03-08T20:36:55.092Z - POST /auth/otpverfy
2026-03-08T20:37:07.578Z - GET /auth/elections/active?t=1773002227569
2026-03-08T20:37:09.121Z - GET /auth/elections/active?t=1773002229119
2026-03-08T20:37:16.965Z - GET /auth/find-user/ADR23CS043?t=1773002236962
2026-03-08T20:37:16.966Z - GET /auth/registered-students?t=1773002236962
2026-03-08T20:37:16.969Z - GET /auth/find-user/ADR23CS043?t=1773002236963
2026-03-08T20:37:16.971Z - GET /auth/registered-students?t=1773002236963
2026-03-08T20:37:16.982Z - GET /auth/elections/active?t=1773002236980
2026-03-08T20:37:16.984Z - GET /auth/elections/active?t=1773002236981
2026-03-08T20:37:20.044Z - GET /auth/elections/active?t=1773002240038
2026-03-08T20:37:30.050Z - GET /auth/elections/active?t=1773002250040
2026-03-08T20:37:40.046Z - GET /auth/elections/active?t=1773002260037
2026-03-08T20:37:48.549Z - GET /auth/find-user/ADR23CS043
2026-03-08T20:37:50.049Z - GET /auth/elections/active?t=1773002270044
2026-03-08T20:38:00.044Z - GET /auth/elections/active?t=1773002280041
2026-03-08T20:38:00.995Z - GET /auth/find-user/ADR23CS040
2026-03-08T20:38:10.059Z - GET /auth/elections/active?t=1773002290050
2026-03-08T20:38:15.185Z - GET /auth/find-user/ADR23CS043
2026-03-08T20:38:27.885Z - GET /auth/find-user/ADR23CS040
2026-03-08T20:38:32.434Z - OPTIONS /auth/elections
2026-03-08T20:38:32.437Z - POST /auth/elections
2026-03-08T20:38:34.579Z - GET /auth/registered-students?t=1773002314576
2026-03-08T20:38:34.581Z - GET /auth/find-user/ADR23CS043?t=1773002314575
2026-03-08T20:38:34.583Z - GET /auth/find-user/ADR23CS043?t=1773002314576
2026-03-08T20:38:34.589Z - GET /auth/registered-students?t=1773002314576
2026-03-08T20:38:34.591Z - GET /auth/elections/active?t=1773002314589
2026-03-08T20:38:34.602Z - GET /auth/elections/active?t=1773002314601
2026-03-08T20:38:38.076Z - GET /auth/elections/active?t=1773002318065
2026-03-08T20:38:39.137Z - GET /auth/elections/active?t=1773002319132
2026-03-08T20:38:41.359Z - GET /auth/elections/active
2026-03-08T20:38:41.364Z - GET /auth/elections/active
2026-03-08T20:38:45.043Z - GET /auth/registered-students?t=1773002325040
2026-03-08T20:38:45.054Z - GET /auth/elections/active?t=1773002325050
2026-03-08T20:38:48.679Z - OPTIONS /auth/vote/69adde487759dcd8fef3fc09
2026-03-08T20:38:48.682Z - POST /auth/vote/69adde487759dcd8fef3fc09
2026-03-08T20:38:54.491Z - GET /auth/elections/active?t=1773002334488
2026-03-08T20:38:54.493Z - GET /auth/find-user/ADR23CS043
2026-03-08T20:38:54.494Z - GET /auth/elections/active?t=1773002334489
2026-03-08T20:38:54.499Z - GET /auth/find-user/ADR23CS043
2026-03-08T20:38:55.051Z - GET /auth/registered-students?t=1773002335050
2026-03-08T20:38:55.059Z - GET /auth/elections/active?t=1773002335054
2026-03-08T20:39:04.583Z - GET /auth/registered-students?t=1773002344577
2026-03-08T20:39:04.596Z - GET /auth/elections/active?t=1773002344593
2026-03-08T20:39:05.046Z - GET /auth/elections/active?t=1773002345042
2026-03-08T20:39:14.591Z - GET /auth/registered-students?t=1773002354589
2026-03-08T20:39:14.596Z - GET /auth/elections/active?t=1773002354595
2026-03-08T20:39:15.052Z - GET /auth/elections/active?t=1773002355045
2026-03-08T20:39:24.583Z - GET /auth/registered-students?t=1773002364579
2026-03-08T20:39:24.592Z - GET /auth/elections/active?t=1773002364591
2026-03-08T20:39:25.045Z - GET /auth/elections/active?t=1773002365044
2026-03-08T20:39:34.590Z - GET /auth/registered-students?t=1773002374587
2026-03-08T20:39:34.598Z - GET /auth/elections/active?t=1773002374597
2026-03-08T20:39:35.049Z - GET /auth/elections/active?t=1773002375045
2026-03-08T20:39:45.044Z - GET /auth/elections/active?t=1773002385036
2026-03-08T20:39:45.056Z - GET /auth/registered-students?t=1773002385052
2026-03-08T20:39:45.071Z - GET /auth/elections/active?t=1773002385067
2026-03-08T20:39:55.048Z - GET /auth/elections/active?t=1773002395040
2026-03-08T20:39:55.050Z - GET /auth/registered-students?t=1773002395041
2026-03-08T20:39:55.077Z - GET /auth/elections/active?t=1773002395073
2026-03-08T20:40:05.058Z - GET /auth/registered-students?t=1773002405047
2026-03-08T20:40:05.060Z - GET /auth/elections/active?t=1773002405047
2026-03-08T20:40:05.072Z - GET /auth/elections/active?t=1773002405066
2026-03-08T20:40:15.045Z - GET /auth/registered-students?t=1773002415038
2026-03-08T20:40:15.062Z - GET /auth/elections/active?t=1773002415056
2026-03-08T20:40:25.053Z - GET /auth/registered-students?t=1773002425044
2026-03-08T20:40:25.069Z - GET /auth/elections/active?t=1773002425065
2026-03-08T20:40:35.050Z - GET /auth/registered-students?t=1773002435043
2026-03-08T20:40:35.063Z - GET /auth/elections/active?t=1773002435059
2026-03-08T20:40:44.050Z - GET /auth/elections/active?t=1773002444043
2026-03-08T20:41:30.981Z - GET /auth/registered-students?t=1773002490971
2026-03-08T20:41:31.017Z - GET /auth/elections/active?t=1773002490987
2026-03-08T20:41:34.587Z - GET /auth/registered-students?t=1773002494582
2026-03-08T20:41:34.595Z - GET /auth/elections/active?t=1773002494594
2026-03-08T20:41:44.058Z - GET /auth/elections/active?t=1773002504049
2026-03-08T20:41:45.053Z - GET /auth/registered-students?t=1773002505047
2026-03-08T20:41:45.076Z - GET /auth/elections/active?t=1773002505069
2026-03-08T20:41:54.499Z - GET /auth/elections/active?t=1773002514491
2026-03-08T20:41:55.041Z - GET /auth/registered-students?t=1773002515039
2026-03-08T20:41:55.055Z - GET /auth/elections/active?t=1773002515053
2026-03-08T20:41:57.915Z - GET /auth/find-user/ADR23CS043
2026-03-08T20:41:57.921Z - GET /auth/find-user/ADR23CS043
2026-03-08T20:42:05.041Z - GET /auth/registered-students?t=1773002525037
2026-03-08T20:42:05.051Z - GET /auth/elections/active?t=1773002525049
2026-03-08T20:42:15.046Z - GET /auth/registered-students?t=1773002535042
2026-03-08T20:42:15.058Z - GET /auth/elections/active?t=1773002535056
2026-03-08T20:42:25.055Z - GET /auth/registered-students?t=1773002545049
2026-03-08T20:42:25.064Z - GET /auth/elections/active?t=1773002545062
2026-03-08T20:42:27.108Z - OPTIONS /auth/update-profile/ADR23CS043?t=1773002547104
2026-03-08T20:42:27.113Z - PUT /auth/update-profile/ADR23CS043?t=1773002547104
2026-03-08T20:42:35.042Z - GET /auth/registered-students?t=1773002555038
2026-03-08T20:42:35.052Z - GET /auth/elections/active?t=1773002555050
2026-03-08T20:42:40.228Z - GET /auth/elections/active?t=1773002560225
2026-03-08T20:42:40.232Z - GET /auth/find-user/ADR23CS043
2026-03-08T20:42:40.236Z - GET /auth/elections/active?t=1773002560226
2026-03-08T20:42:40.242Z - GET /auth/find-user/ADR23CS043
2026-03-08T20:42:45.046Z - GET /auth/registered-students?t=1773002565040
2026-03-08T20:42:45.055Z - GET /auth/elections/active?t=1773002565053
2026-03-08T20:42:50.245Z - GET /auth/elections/active?t=1773002570243
2026-03-08T20:43:00.239Z - GET /auth/elections/active?t=1773002580236
2026-03-08T20:43:10.243Z - GET /auth/elections/active?t=1773002590238
2026-03-08T20:43:20.099Z - GET /auth/registered-students?t=1773002600087
2026-03-08T20:43:20.107Z - GET /auth/elections/active?t=1773002600106
2026-03-08T20:43:21.051Z - GET /auth/elections/active?t=1773002601047
2026-03-08T20:43:24.144Z - OPTIONS /auth/elections/end
2026-03-08T20:43:24.148Z - POST /auth/elections/end
2026-03-08T20:43:25.712Z - GET /auth/registered-students?t=1773002605700
2026-03-08T20:43:25.718Z - GET /auth/elections/active?t=1773002605717
2026-03-08T20:43:31.048Z - GET /auth/elections/active?t=1773002611044
2026-03-08T20:43:34.589Z - GET /auth/registered-students?t=1773002614585
2026-03-08T20:43:34.599Z - GET /auth/elections/active?t=1773002614597
2026-03-08T20:43:41.040Z - GET /auth/elections/active?t=1773002621036
2026-03-08T20:43:44.583Z - GET /auth/registered-students?t=1773002624578
2026-03-08T20:43:44.596Z - GET /auth/elections/active?t=1773002624592
2026-03-08T20:43:51.041Z - GET /auth/elections/active?t=1773002631037
2026-03-08T20:43:54.590Z - GET /auth/registered-students?t=1773002634582
2026-03-08T20:43:54.600Z - GET /auth/elections/active?t=1773002634597
2026-03-08T20:44:01.056Z - GET /auth/elections/active?t=1773002641048
2026-03-08T20:44:04.581Z - GET /auth/registered-students?t=1773002644579
2026-03-08T20:44:04.587Z - GET /auth/elections/active?t=1773002644586
2026-03-08T20:44:11.048Z - GET /auth/elections/active?t=1773002651036
2026-03-08T20:44:14.584Z - GET /auth/registered-students?t=1773002654579
2026-03-08T20:44:14.596Z - GET /auth/elections/active?t=1773002654593
2026-03-08T20:44:24.582Z - GET /auth/registered-students?t=1773002664577
2026-03-08T20:44:24.594Z - GET /auth/elections/active?t=1773002664591
2026-03-08T20:44:35.052Z - GET /auth/registered-students?t=1773002675043
2026-03-08T20:44:35.067Z - GET /auth/elections/active?t=1773002675064
2026-03-08T20:44:44.058Z - GET /auth/elections/active?t=1773002684046
2026-03-08T20:44:45.049Z - GET /auth/registered-students?t=1773002685045
2026-03-08T20:44:45.061Z - GET /auth/elections/active?t=1773002685057
2026-03-08T20:44:55.049Z - GET /auth/registered-students?t=1773002695044
2026-03-08T20:44:55.065Z - GET /auth/elections/active?t=1773002695062
2026-03-08T20:45:05.052Z - GET /auth/registered-students?t=1773002705049
2026-03-08T20:45:05.059Z - GET /auth/elections/active?t=1773002705058
2026-03-08T20:45:15.047Z - GET /auth/registered-students?t=1773002715043
2026-03-08T20:45:15.058Z - GET /auth/elections/active?t=1773002715056
2026-03-08T20:45:25.106Z - GET /auth/registered-students?t=1773002725050
2026-03-08T20:45:25.252Z - GET /auth/elections/active?t=1773002725250
2026-03-08T20:45:44.052Z - GET /auth/elections/active?t=1773002744046
2026-03-08T20:45:44.054Z - GET /auth/registered-students?t=1773002744047
2026-03-08T20:45:44.070Z - GET /auth/elections/active?t=1773002744067
2026-10-01T03:10:21.776Z - OPTIONS /auth/otpgeneration
2026-10-01T03:10:21.796Z - POST /auth/otpgeneration
2026-10-01T03:11:04.356Z - OPTIONS /auth/register
2026-10-01T03:11:04.366Z - POST /auth/register
2026-10-01T03:11:11.019Z - OPTIONS /auth/otpgeneration
2026-10-01T03:11:11.024Z - POST /auth/otpgeneration
2026-10-01T03:11:19.217Z - OPTIONS /auth/otpgeneration
2026-10-01T03:11:19.222Z - POST /auth/otpgeneration
2026-10-01T03:41:53.912Z - OPTIONS /auth/otpgeneration
2026-10-01T03:41:53.957Z - POST /auth/otpgeneration
2026-10-01T03:42:32.221Z - OPTIONS /auth/otpverfy
2026-10-01T03:42:32.231Z - POST /auth/otpverfy
2026-10-01T03:42:33.926Z - GET /auth/elections/active?t=1790826153903
2026-10-01T03:42:33.946Z - GET /auth/find-user/ADR23CS059
2026-10-01T03:42:33.961Z - GET /auth/elections/active?t=1790826153905
2026-10-01T03:42:34.013Z - GET /auth/find-user/ADR23CS059
2026-10-01T03:42:43.918Z - GET /auth/elections/active?t=1790826163911
2026-10-01T03:42:47.922Z - GET /auth/student/votes/ADR23CS059
2026-10-01T03:42:47.999Z - GET /auth/student/votes/ADR23CS059
2026-10-01T03:42:56.348Z - GET /auth/find-user/ADR23CS059
2026-10-01T03:42:56.375Z - GET /auth/find-user/ADR23CS059
2026-10-01T03:43:11.505Z - GET /auth/elections/active?t=1790826191500
2026-10-01T03:43:11.519Z - GET /auth/elections/active?t=1790826191501
2026-10-01T03:43:11.544Z - GET /auth/find-user/ADR23CS059
2026-10-01T03:43:11.560Z - GET /auth/find-user/ADR23CS059
2026-10-01T03:43:21.513Z - GET /auth/elections/active?t=1790826201509
2026-10-01T03:43:31.522Z - GET /auth/elections/active?t=1790826211515
2026-10-01T03:43:41.513Z - GET /auth/elections/active?t=1790826221506
2026-10-01T03:43:51.518Z - GET /auth/elections/active?t=1790826231513
2026-10-01T03:44:01.512Z - GET /auth/elections/active?t=1790826241506
2026-10-01T03:44:11.519Z - GET /auth/elections/active?t=1790826251514
2026-10-01T03:44:21.510Z - GET /auth/elections/active?t=1790826261508
2026-10-01T03:44:31.526Z - GET /auth/elections/active?t=1790826271516
2026-10-01T03:44:41.516Z - GET /auth/elections/active?t=1790826281514
2026-10-01T03:49:25.071Z - OPTIONS /auth/register
2026-10-01T03:49:25.080Z - POST /auth/register
2026-10-01T03:49:49.557Z - OPTIONS /auth/otpgeneration
2026-10-01T03:49:49.567Z - POST /auth/otpgeneration
2026-10-01T03:50:47.528Z - OPTIONS /auth/register
2026-10-01T03:50:47.534Z - POST /auth/register
2026-10-01T03:51:48.578Z - OPTIONS /auth/register
2026-10-01T03:51:48.582Z - POST /auth/register
2026-10-01T03:51:58.851Z - OPTIONS /auth/otpgeneration
2026-10-01T03:51:58.859Z - POST /auth/otpgeneration
2026-10-01T03:52:37.393Z - OPTIONS /auth/otpverfy
2026-10-01T03:52:37.397Z - POST /auth/otpverfy
2026-10-01T03:52:38.974Z - GET /auth/find-user/KTU001?t=1790826758963
2026-10-01T03:52:38.984Z - GET /auth/registered-students?t=1790826758964
2026-10-01T03:52:39.000Z - GET /auth/find-user/KTU001?t=1790826758966
2026-10-01T03:52:39.017Z - GET /auth/registered-students?t=1790826758967
2026-10-01T03:52:39.049Z - GET /auth/elections/active?t=1790826759041
2026-10-01T03:52:39.109Z - GET /auth/elections/active?t=1790826759108
2026-10-01T03:52:48.973Z - GET /auth/registered-students?t=1790826768968
2026-10-01T03:52:48.986Z - GET /auth/elections/active?t=1790826768984
2026-10-01T03:52:50.061Z - GET /auth/registered-students
2026-10-01T03:52:50.076Z - GET /auth/registered-students
2026-10-01T03:53:08.207Z - OPTIONS /auth/registered-students
2026-10-01T03:53:08.218Z - POST /auth/registered-students
2026-10-01T03:53:25.261Z - OPTIONS /auth/registered-students
2026-10-01T03:53:25.280Z - POST /auth/registered-students
2026-10-01T03:53:50.677Z - GET /auth/find-user/KTU001?t=1790826830642
2026-10-01T03:53:50.710Z - GET /auth/registered-students?t=1790826830642
2026-10-01T03:53:50.746Z - GET /auth/find-user/KTU001?t=1790826830643
2026-10-01T03:53:50.765Z - GET /auth/registered-students?t=1790826830645
2026-10-01T03:53:50.814Z - GET /auth/elections/active?t=1790826830798
2026-10-01T03:53:50.832Z - GET /auth/elections/active?t=1790826830813
2026-10-01T03:53:56.802Z - GET /auth/find-user/KTU001?t=1790826836797
2026-10-01T03:53:56.812Z - GET /auth/find-user/KTU001?t=1790826836798
2026-10-01T03:54:01.802Z - GET /auth/find-user/KTU001?t=1790826841784
2026-10-01T03:54:01.819Z - GET /auth/registered-students?t=1790826841784
2026-10-01T03:54:01.831Z - GET /auth/find-user/KTU001?t=1790826841785
2026-10-01T03:54:01.844Z - GET /auth/registered-students?t=1790826841785
2026-10-01T03:54:01.949Z - GET /auth/elections/active?t=1790826841891
2026-10-01T03:54:01.985Z - GET /auth/elections/active?t=1790826841941
2026-10-01T03:54:11.794Z - GET /auth/registered-students?t=1790826851790
2026-10-01T03:54:11.809Z - GET /auth/elections/active?t=1790826851807
2026-10-01T03:54:21.795Z - GET /auth/registered-students?t=1790826861791
2026-10-01T03:54:21.808Z - GET /auth/elections/active?t=1790826861805
2026-10-01T03:54:31.795Z - GET /auth/registered-students?t=1790826871788
2026-10-01T03:54:31.814Z - GET /auth/elections/active?t=1790826871811
2026-10-01T03:54:41.795Z - GET /auth/registered-students?t=1790826881788
2026-10-01T03:54:41.817Z - GET /auth/elections/active?t=1790826881811
2026-10-01T03:54:51.792Z - GET /auth/registered-students?t=1790826891786
2026-10-01T03:54:51.808Z - GET /auth/elections/active?t=1790826891804
2026-10-01T03:55:01.802Z - GET /auth/registered-students?t=1790826901796
2026-10-01T03:55:01.820Z - GET /auth/elections/active?t=1790826901816
2026-10-01T03:55:11.796Z - GET /auth/registered-students?t=1790826911790
2026-10-01T03:55:11.814Z - GET /auth/elections/active?t=1790826911809
2026-10-01T03:55:21.801Z - GET /auth/registered-students?t=1790826921797
2026-10-01T03:55:21.825Z - GET /auth/elections/active?t=1790826921819
2026-10-01T03:55:31.807Z - GET /auth/registered-students?t=1790826931788
2026-10-01T03:55:31.836Z - GET /auth/elections/active?t=1790826931824
2026-10-01T03:55:41.805Z - GET /auth/registered-students?t=1790826941799
2026-10-01T03:55:41.818Z - GET /auth/elections/active?t=1790826941816
2026-10-01T03:55:51.815Z - GET /auth/registered-students?t=1790826951789
2026-10-01T03:55:51.847Z - GET /auth/elections/active?t=1790826951843
2026-10-01T03:56:01.791Z - GET /auth/registered-students?t=1790826961786
2026-10-01T03:56:01.807Z - GET /auth/elections/active?t=1790826961804
2026-10-01T03:56:11.792Z - GET /auth/registered-students?t=1790826971786
2026-10-01T03:56:11.806Z - GET /auth/elections/active?t=1790826971803
2026-10-01T03:56:21.793Z - GET /auth/registered-students?t=1790826981786
2026-10-01T03:56:21.814Z - GET /auth/elections/active?t=1790826981805
2026-10-01T03:56:31.794Z - GET /auth/registered-students?t=1790826991788
2026-10-01T03:56:31.814Z - GET /auth/elections/active?t=1790826991808
2026-10-01T03:56:41.797Z - GET /auth/registered-students?t=1790827001789
2026-10-01T03:56:41.814Z - GET /auth/elections/active?t=1790827001810
2026-10-01T03:56:51.794Z - GET /auth/registered-students?t=1790827011786
2026-10-01T03:56:51.817Z - GET /auth/elections/active?t=1790827011812
2026-10-01T03:57:01.793Z - GET /auth/registered-students?t=1790827021790
2026-10-01T03:57:01.806Z - GET /auth/elections/active?t=1790827021803
2026-10-01T03:57:55.452Z - GET /auth/find-user/ADR23CS059
2026-10-01T03:58:33.709Z - GET /auth/registered-students
2026-10-01T03:58:33.722Z - GET /auth/registered-students
2026-10-01T03:58:37.035Z - GET /auth/find-user/KTU001?t=1790827117025
2026-10-01T03:58:37.043Z - GET /auth/find-user/KTU001?t=1790827117026
